// Jest Snapshot v1, https://goo.gl/fbAQLP

exports[`Holiday box component Should render correctly 1`] = `ShallowWrapper {}`;
