// Jest Snapshot v1, https://goo.gl/fbAQLP

exports[`Home page component Should render correctly 1`] = `ShallowWrapper {}`;
