// Jest Snapshot v1, https://goo.gl/fbAQLP

exports[`Sort menu component Should render correctly 1`] = `ShallowWrapper {}`;
